CANVARY Tue Nov 5 16:00:00 CEST 2019
PING 8.8.8.8 (8.8.8.8) 56(84) bytes of data.
CANVARY 64 bytes from 8.8.8.8: icmp_seq=1 ttl=128 time=17.1 ms

--- 8.8.8.8 ping statistics ---
CANVARY 1 packets transmitted, 1 received, 0% packet loss, time 0ms
CANVARY rtt min/avg/max/mdev = 17.105/17.105/17.105/0.000 ms

CANVARY PING epfl.ch (128.178.222.108) 56(84) bytes of data.
CANVARY 64 bytes from www-origin.epfl.ch (128.178.222.108): icmp_seq=1 ttl=128
CANVARY time=11.1 ms

--- epfl.ch ping statistics ---
CANVARY 1 packets transmitted, 1 received, 0% packet loss, time 0ms
CANVARY rtt min/avg/max/mdev = 11.129/11.129/11.129/0.000 ms
ping: nonexistingaddress: Name or service not known
CANVARY Tue Nov 5 16:00:15 CEST 2019 
