File07.txt
File17.txt
File27.txt
File37.txt
File47.txt
File57.txt
File67.txt
File70.txt
File71.txt
File72.txt
File73.txt
File74.txt
File75.txt
File76.txt
File77.txt
File78.txt
File79.txt
File87.txt
File97.txt
