<line>Tue Nov 5 16:00:00 CEST 2019
PING 8.8.8.8 (8.8.8.8) 56(84) bytes of data.
64 bytes from 8.8.8.8: icmp_seq=1 ttl=<*> time=<*>ms

--- 8.8.8.8 ping statistics ---
1 packets transmitted, 1 received, 0% packet loss, time <*>ms
rtt min/avg/max/mdev = <*>ms

PING epfl.ch (<*>) 56(84) bytes of data.
64 bytes from www-origin.epfl.ch (<*>): icmp_seq=1 ttl=<*> time=<*>ms

--- epfl.ch ping statistics ---
1 packets transmitted, 1 received, 0% packet loss, time <*>ms
rtt min/avg/max/mdev = <*>ms
ping: nonexistingaddress: Name or service not known
<line>Tue Nov 5 16:00:15 CEST 2019 
