total 4
-rw-r--r-- 1 <*> <*>  136 <*> server_file.txt
total 4
-rw-r--r-- 1 <*> <*>  136 <*> server_file.txt
total 8
-rw-r--r-- 1 <*> <*>  74 <*> client_file.txt
-rw-r--r-- 1 <*> <*> 136 <*> server_file.txt
