Error: access denied.
Error: access denied.
Error: access denied.
Error: authentication failed.
u1
total 0
u2
Error: access denied.
Error: access denied.
