total 4
<*> 1 <*> <*> 136 <*> server_file.txt
Error: access denied.
total 4
<*> 1 <*> <*> 136 <*> server_file.txt
Error: the path is too long.
Error: access denied.
Error: the path is too long.
